<?xml version="1.0" encoding="UTF-8"?>
<map width="11" height="6" layers="1" worldtype="0" tileset="0">
    <graph>
        <layer>
            wQJRAlECUQJRAlECUQJRAlECUQKRAqECwQNRA1EDUQNRA1EDUQNRA5EDoQKhAqEDwQTRBNEE0QTRBNEEkQShA6ECoQKhAyEEIQQhBCEEIQQhBCEEoQOhAqECYQNRA1EDUQNRA1EDUQNRAzEDoQJhAlECUQJRAlECUQJRAlECUQJRAjECAA==
        </layer>
	</graph>
    <robots>
		<robot x="2" y="2" layer="0" state="1" type="0" baserobot="yes">
            <functions resizable="0" count="2">
                <func name="main" repeat="0" condition="0" isRepeat="0" isCondition="0" width="5" lockwidth="0" maxwidth="5" height="1" lockheight="0" maxheight="1" hide="0" count="0"><function>00000</function>
                    <background>11111</background>
                </func>
                <func name="Command 1" repeat="0" condition="0" isRepeat="1" isCondition="0" width="3" lockwidth="0" maxwidth="3" height="3" lockheight="0" maxheight="3" hide="0" count="0"><function>000000000</function>
                    <background>111111111</background>
                </func>
            </functions>
			<tasks>
				<paint count="0" />
			</tasks>	
		</robot>
	</robots>
	<hints />
</map>