<?xml version="1.0" encoding="UTF-8"?>
<map width="7" height="7" layers="1" worldtype="0" tileset="0">
    <graph>
        <layer>
            wQJRAlECUQJRAlECkQKhAsEEUQNRA1EDkQShAqECoQPBAlECkQKhA6ECoQKhA6ECAQOhAqEDoQKhAqEDYQJRAjECoQOhAqECYQRRA1EDUQMxBKECYQJRAlECUQJRAlECMQIA
        </layer>
	</graph>
    <robots>
		<robot x="1" y="1" layer="0" state="0" type="0" baserobot="yes">
            <functions resizable="0" count="2">
                <func name="main" repeat="0" condition="0" isRepeat="0" isCondition="0" width="1" lockwidth="0" maxwidth="1" height="4" lockheight="0" maxheight="4" hide="0" count="0"><function>0000</function>
                    <background>1111</background>
                </func>
                <func name="Command 1" repeat="0" condition="0" isRepeat="0" isCondition="0" width="3" lockwidth="0" maxwidth="3" height="2" lockheight="0" maxheight="2" hide="0" count="0"><function>000000</function>
                    <background>111111</background>
                </func>
            </functions>
			<tasks>
				<paint count="0" />
			</tasks>	
		</robot>
	</robots>
	<hints />
</map>